Traceback (most recent call last):
  File "/Users/armaansandhu/Desktop/umass courses/spring26/690S/ippo/scripts/aggregate_benchmark_runs.py", line 841, in <module>
    main()
    ~~~~^^
  File "/Users/armaansandhu/Desktop/umass courses/spring26/690S/ippo/scripts/aggregate_benchmark_runs.py", line 741, in main
    spec.loader.exec_module(judge_mod)
    ~~~~~~~~~~~~~~~~~~~~~~~^^^^^^^^^^^
  File "<frozen importlib._bootstrap_external>", line 759, in exec_module
  File "<frozen importlib._bootstrap>", line 491, in _call_with_frames_removed
  File "/Users/armaansandhu/Desktop/umass courses/spring26/690S/ippo/scripts/benchmark_llm_judge.py", line 87, in <module>
    @dataclass
     ^^^^^^^^^
  File "/opt/homebrew/Cellar/python@3.14/3.14.3_1/Frameworks/Python.framework/Versions/3.14/lib/python3.14/dataclasses.py", line 1442, in dataclass
    return wrap(cls)
  File "/opt/homebrew/Cellar/python@3.14/3.14.3_1/Frameworks/Python.framework/Versions/3.14/lib/python3.14/dataclasses.py", line 1432, in wrap
    return _process_class(cls, init, repr, eq, order, unsafe_hash,
                          frozen, match_args, kw_only, slots,
                          weakref_slot)
  File "/opt/homebrew/Cellar/python@3.14/3.14.3_1/Frameworks/Python.framework/Versions/3.14/lib/python3.14/dataclasses.py", line 1055, in _process_class
    and _is_type(type, cls, dataclasses, dataclasses.KW_ONLY,
        ~~~~~~~~^^^^^^^^^^^^^^^^^^^^^^^^^^^^^^^^^^^^^^^^^^^^^
                 _is_kw_only))):
                 ^^^^^^^^^^^^
  File "/opt/homebrew/Cellar/python@3.14/3.14.3_1/Frameworks/Python.framework/Versions/3.14/lib/python3.14/dataclasses.py", line 814, in _is_type
    ns = sys.modules.get(cls.__module__).__dict__
         ^^^^^^^^^^^^^^^^^^^^^^^^^^^^^^^^^^^^^^^^
AttributeError: 'NoneType' object has no attribute '__dict__'. Did you mean: '__dir__'?
